exports[`test renders without crashing 1`] = `
<div
  className="App">
  <div
    className="DeckSelectionOptions">
    <div
      className="DeckSelectionOptions">
      <h2>
        Select a Deck
      </h2>
      <div
        className="DeckChoiceImages">
        <img
          className="DeckChoiceImage"
          onClick={[Function]}
          src="TemerianDeck.png" />
        <img
          className="DeckChoiceImage"
          onClick={[Function]}
          src="NilfgaardianDeck.png" />
        <img
          className="DeckChoiceImage"
          onClick={[Function]}
          src="MonstersDeck.png" />
        <img
          className="DeckChoiceImage"
          onClick={[Function]}
          src="ScoiataelDeck.png" />
      </div>
    </div>
    <button
      className="NotDisplayed"
      onClick={[Function]}>
       Finalize Deck! 
    </button>
  </div>
  <div
    className="DeckChoicesAndStats NotDisplayed">
    <div>
      <div
        className="DeckTableDiv">
        <h2 />
        <div
          className="fixedDataTableLayout_main public_fixedDataTable_main"
          onWheel={[Function]}
          style={
            Object {
              "height": 2,
              "width": 660,
            }
          }>
          <div
            className="fixedDataTableLayout_rowsContainer"
            style={
              Object {
                "height": 0,
                "width": 660,
              }
            }>
            <div
              className="fixedDataTableColumnResizerLineLayout_main fixedDataTableColumnResizerLineLayout_hiddenElem public_fixedDataTableColumnResizerLine_main"
              style={
                Object {
                  "height": 2,
                  "left": 0,
                  "width": 0,
                }
              }>
              <div
                className="fixedDataTableColumnResizerLineLayout_mouseArea"
                style={
                  Object {
                    "height": 2,
                  }
                } />
            </div>
            <div
              className="fixedDataTableRowLayout_rowWrapper"
              style={
                Object {
                  "height": 0,
                  "left": "0px",
                  "top": "0px",
                  "width": 660,
                  "zIndex": 1,
                }
              }>
              <div
                className="fixedDataTableRowLayout_main public_fixedDataTableRow_main fixedDataTableLayout_header public_fixedDataTable_header"
                onClick={null}
                onDoubleClick={null}
                onMouseDown={null}
                onMouseEnter={null}
                onMouseLeave={null}
                style={
                  Object {
                    "height": 0,
                    "width": 660,
                  }
                }>
                <div
                  className="fixedDataTableRowLayout_body">
                  <div
                    className="fixedDataTableCellGroupLayout_cellGroupWrapper"
                    style={
                      Object {
                        "height": 0,
                        "left": 0,
                      }
                    }>
                    <div
                      className="fixedDataTableCellGroupLayout_cellGroup"
                      style={
                        Object {
                          "height": 0,
                          "left": "0px",
                          "position": "absolute",
                          "top": "0px",
                          "width": 0,
                          "zIndex": 2,
                        }
                      } />
                  </div>
                  <div
                    className="fixedDataTableCellGroupLayout_cellGroupWrapper"
                    style={
                      Object {
                        "height": 0,
                        "left": 0,
                      }
                    }>
                    <div
                      className="fixedDataTableCellGroupLayout_cellGroup"
                      style={
                        Object {
                          "height": 0,
                          "left": "0px",
                          "position": "absolute",
                          "top": "0px",
                          "width": 640,
                          "zIndex": 0,
                        }
                      }>
                      <div
                        className="fixedDataTableCellLayout_main public_fixedDataTableCell_main"
                        style={
                          Object {
                            "height": 0,
                            "left": 0,
                            "width": 160,
                          }
                        }>
                        <div
                          className="fixedDataTableCellLayout_wrap1 public_fixedDataTableCell_wrap1"
                          style={
                            Object {
                              "height": 0,
                              "width": 160,
                            }
                          }>
                          <div
                            className="fixedDataTableCellLayout_wrap2 public_fixedDataTableCell_wrap2">
                            <div
                              className="fixedDataTableCellLayout_wrap3 public_fixedDataTableCell_wrap3">
                              <div
                                className="public_fixedDataTableCell_cellContent" />
                            </div>
                          </div>
                        </div>
                      </div>
                      <div
                        className="fixedDataTableCellLayout_main public_fixedDataTableCell_main"
                        style={
                          Object {
                            "height": 0,
                            "left": 160,
                            "width": 160,
                          }
                        }>
                        <div
                          className="fixedDataTableCellLayout_wrap1 public_fixedDataTableCell_wrap1"
                          style={
                            Object {
                              "height": 0,
                              "width": 160,
                            }
                          }>
                          <div
                            className="fixedDataTableCellLayout_wrap2 public_fixedDataTableCell_wrap2">
                            <div
                              className="fixedDataTableCellLayout_wrap3 public_fixedDataTableCell_wrap3">
                              <div
                                className="public_fixedDataTableCell_cellContent" />
                            </div>
                          </div>
                        </div>
                      </div>
                      <div
                        className="fixedDataTableCellLayout_main public_fixedDataTableCell_main"
                        style={
                          Object {
                            "height": 0,
                            "left": 320,
                            "width": 160,
                          }
                        }>
                        <div
                          className="fixedDataTableCellLayout_wrap1 public_fixedDataTableCell_wrap1"
                          style={
                            Object {
                              "height": 0,
                              "width": 160,
                            }
                          }>
                          <div
                            className="fixedDataTableCellLayout_wrap2 public_fixedDataTableCell_wrap2">
                            <div
                              className="fixedDataTableCellLayout_wrap3 public_fixedDataTableCell_wrap3">
                              <div
                                className="public_fixedDataTableCell_cellContent" />
                            </div>
                          </div>
                        </div>
                      </div>
                      <div
                        className="fixedDataTableCellLayout_main public_fixedDataTableCell_main"
                        style={
                          Object {
                            "height": 0,
                            "left": 480,
                            "width": 160,
                          }
                        }>
                        <div
                          className="fixedDataTableCellLayout_wrap1 public_fixedDataTableCell_wrap1"
                          style={
                            Object {
                              "height": 0,
                              "width": 160,
                            }
                          }>
                          <div
                            className="fixedDataTableCellLayout_wrap2 public_fixedDataTableCell_wrap2">
                            <div
                              className="fixedDataTableCellLayout_wrap3 public_fixedDataTableCell_wrap3">
                              <div
                                className="public_fixedDataTableCell_cellContent" />
                            </div>
                          </div>
                        </div>
                      </div>
                    </div>
                  </div>
                </div>
              </div>
            </div>
            <div
              style={
                Object {
                  "left": "0px",
                  "pointerEvents": "auto",
                  "position": "absolute",
                  "top": "0px",
                }
              } />
          </div>
        </div>
      </div>
    </div>
    <div
      className="DeckStats">
      <div>
        <h3>
           Total Cards in Deck 
        </h3>
        <span>
          0
        </span>
      </div>
      <div>
        <h3>
           Number of Unit Cards 
        </h3>
        <span>
          0
        </span>
      </div>
      <div>
        <h3>
           Special Cards 
        </h3>
        <span>
          0
        </span>
      </div>
      <div>
        <h3>
           Total Unit Strength 
        </h3>
        <span>
          0
        </span>
      </div>
      <div>
        <h3>
           Hero Cards 
        </h3>
        <span>
          0
        </span>
      </div>
    </div>
    <div
      className="DeckTableDiv">
      <h2>
        Neutral Deck
      </h2>
      <div
        className="fixedDataTableLayout_main public_fixedDataTable_main"
        onWheel={[Function]}
        style={
          Object {
            "height": 2,
            "width": 660,
          }
        }>
        <div
          className="fixedDataTableLayout_rowsContainer"
          style={
            Object {
              "height": 0,
              "width": 660,
            }
          }>
          <div
            className="fixedDataTableColumnResizerLineLayout_main fixedDataTableColumnResizerLineLayout_hiddenElem public_fixedDataTableColumnResizerLine_main"
            style={
              Object {
                "height": 2,
                "left": 0,
                "width": 0,
              }
            }>
            <div
              className="fixedDataTableColumnResizerLineLayout_mouseArea"
              style={
                Object {
                  "height": 2,
                }
              } />
          </div>
          <div
            className="fixedDataTableRowLayout_rowWrapper"
            style={
              Object {
                "height": 0,
                "left": "0px",
                "top": "0px",
                "width": 660,
                "zIndex": 1,
              }
            }>
            <div
              className="fixedDataTableRowLayout_main public_fixedDataTableRow_main fixedDataTableLayout_header public_fixedDataTable_header"
              onClick={null}
              onDoubleClick={null}
              onMouseDown={null}
              onMouseEnter={null}
              onMouseLeave={null}
              style={
                Object {
                  "height": 0,
                  "width": 660,
                }
              }>
              <div
                className="fixedDataTableRowLayout_body">
                <div
                  className="fixedDataTableCellGroupLayout_cellGroupWrapper"
                  style={
                    Object {
                      "height": 0,
                      "left": 0,
                    }
                  }>
                  <div
                    className="fixedDataTableCellGroupLayout_cellGroup"
                    style={
                      Object {
                        "height": 0,
                        "left": "0px",
                        "position": "absolute",
                        "top": "0px",
                        "width": 0,
                        "zIndex": 2,
                      }
                    } />
                </div>
                <div
                  className="fixedDataTableCellGroupLayout_cellGroupWrapper"
                  style={
                    Object {
                      "height": 0,
                      "left": 0,
                    }
                  }>
                  <div
                    className="fixedDataTableCellGroupLayout_cellGroup"
                    style={
                      Object {
                        "height": 0,
                        "left": "0px",
                        "position": "absolute",
                        "top": "0px",
                        "width": 640,
                        "zIndex": 0,
                      }
                    }>
                    <div
                      className="fixedDataTableCellLayout_main public_fixedDataTableCell_main"
                      style={
                        Object {
                          "height": 0,
                          "left": 0,
                          "width": 160,
                        }
                      }>
                      <div
                        className="fixedDataTableCellLayout_wrap1 public_fixedDataTableCell_wrap1"
                        style={
                          Object {
                            "height": 0,
                            "width": 160,
                          }
                        }>
                        <div
                          className="fixedDataTableCellLayout_wrap2 public_fixedDataTableCell_wrap2">
                          <div
                            className="fixedDataTableCellLayout_wrap3 public_fixedDataTableCell_wrap3">
                            <div
                              className="public_fixedDataTableCell_cellContent" />
                          </div>
                        </div>
                      </div>
                    </div>
                    <div
                      className="fixedDataTableCellLayout_main public_fixedDataTableCell_main"
                      style={
                        Object {
                          "height": 0,
                          "left": 160,
                          "width": 160,
                        }
                      }>
                      <div
                        className="fixedDataTableCellLayout_wrap1 public_fixedDataTableCell_wrap1"
                        style={
                          Object {
                            "height": 0,
                            "width": 160,
                          }
                        }>
                        <div
                          className="fixedDataTableCellLayout_wrap2 public_fixedDataTableCell_wrap2">
                          <div
                            className="fixedDataTableCellLayout_wrap3 public_fixedDataTableCell_wrap3">
                            <div
                              className="public_fixedDataTableCell_cellContent" />
                          </div>
                        </div>
                      </div>
                    </div>
                    <div
                      className="fixedDataTableCellLayout_main public_fixedDataTableCell_main"
                      style={
                        Object {
                          "height": 0,
                          "left": 320,
                          "width": 160,
                        }
                      }>
                      <div
                        className="fixedDataTableCellLayout_wrap1 public_fixedDataTableCell_wrap1"
                        style={
                          Object {
                            "height": 0,
                            "width": 160,
                          }
                        }>
                        <div
                          className="fixedDataTableCellLayout_wrap2 public_fixedDataTableCell_wrap2">
                          <div
                            className="fixedDataTableCellLayout_wrap3 public_fixedDataTableCell_wrap3">
                            <div
                              className="public_fixedDataTableCell_cellContent" />
                          </div>
                        </div>
                      </div>
                    </div>
                    <div
                      className="fixedDataTableCellLayout_main public_fixedDataTableCell_main"
                      style={
                        Object {
                          "height": 0,
                          "left": 480,
                          "width": 160,
                        }
                      }>
                      <div
                        className="fixedDataTableCellLayout_wrap1 public_fixedDataTableCell_wrap1"
                        style={
                          Object {
                            "height": 0,
                            "width": 160,
                          }
                        }>
                        <div
                          className="fixedDataTableCellLayout_wrap2 public_fixedDataTableCell_wrap2">
                          <div
                            className="fixedDataTableCellLayout_wrap3 public_fixedDataTableCell_wrap3">
                            <div
                              className="public_fixedDataTableCell_cellContent" />
                          </div>
                        </div>
                      </div>
                    </div>
                  </div>
                </div>
              </div>
            </div>
          </div>
          <div
            style={
              Object {
                "left": "0px",
                "pointerEvents": "auto",
                "position": "absolute",
                "top": "0px",
              }
            } />
        </div>
      </div>
    </div>
  </div>
</div>
`;
